    1 FE98              NW1 EQU $FE98:NW2 EQU $DC76
      DC76             
    2 00B5              NB1 EQU $B5  :NB2 EQU $A4
      00A4             
    3 D000              ORG $D000       ;MNEMONIC TEST
    4 D000 000198FE0203 NOP:LD BC,NW1:LD (BC),A:INC BC:INC B:DEC B:LD B,NB1:RLCA
           040506B507  
    5 D00B 08090A0B0C0D EX AF,AF:ADD HL,BC:LD A,(BC):DEC BC:INC C:DEC C:LD C,NB1:RRCA
           0EB50F      
    6 D014 10FE         PREV01:DJNZ PREV01
    7 D016 1198FE121314 LD DE,NW1:LD (DE),A:INC DE:INC D:DEC D:LD D,NB1:RLA
           1516B517    
    8 D020 1800         JR NEXT01
    9 D022              NEXT01:
   10 D022 191A1B1C1D1E ADD HL,DE:LD A,(DE):DEC DE:INC E:DEC E:LD E,NB1
           B5          
   11 D029 1F20FE       PREV02:RRA:JR NZ,PREV02
   12 D02C 2198FE2298FE LD HL,NW1:LD (NW1),HL:INC HL:INC H:DEC H:LD H,NB1:DAA
           23242526B527
   13 D038 280100       JR Z,NEXT02:NOP
   14 D03B              NEXT02:
   15 D03B 292A98FE2B2C ADD HL,HL:LD HL,(NW1):DEC HL:INC L:DEC L:LD L,NB1
           2D2EB5      
   16 D044 002F30FE     PREV03:NOP:CPL:JR NC,PREV03
   17 D048 3198FE3298FE LD SP,NW1:LD (NW1),A:INC SP:INC (HL):DEC (HL):LD (HL),NB1:SCF
           33343536B537
   18 D054 38020000     JR C,NEXT03:NOP:NOP
   19 D058              NEXT03:
   20 D058 393A98FE3B3C ADD HL,SP:LD A,(NW1):DEC SP:INC A:DEC A:LD A,NB1:CCF
           3D3EB53F    
   21 D062 404142434445 LD B,B:LD B,C:LD B,D:LD B,E:LD B,H:LD B,L:LD B,(HL):LD B,A
           4647        
   22 D06A 48494A4B4C4D LD C,B:LD C,C:LD C,D:LD C,E:LD C,H:LD C,L:LD C,(HL):LD C,A
           4E4F        
   23 D072 505152535455 LD D,B:LD D,C:LD D,D:LD D,E:LD D,H:LD D,L:LD D,(HL):LD D,A
           5657        
   24 D07A 58595A5B5C5D LD E,B:LD E,C:LD E,D:LD E,E:LD E,H:LD E,L:LD E,(HL):LD E,A
           5E5F        
   25 D082 606162636465 LD H,B:LD H,C:LD H,D:LD H,E:LD H,H:LD H,L:LD H,(HL):LD H,A
           6667        
   26 D08A 68696A6B6C6D LD L,B:LD L,C:LD L,D:LD L,E:LD L,H:LD L,L:LD L,(HL):LD L,A
           6E6F        
   27 D092 707172737475 LD (HL),B:LD (HL),C:LD (HL),D:LD (HL),E:LD (HL),H:LD (HL),L
   28 D098 7677         HALT:LD (HL),A
   29 D09A 78797A7B7C7D LD A,B:LD A,C:LD A,D:LD A,E:LD A,H:LD A,L:LD A,(HL):LD A,A
           7E7F        
   30 D0A2 80818283     ADD A,B:ADD A,C:ADD A,D:ADD A,E
   31 D0A6 84858687     ADD A,H:ADD A,L:ADD A,(HL):ADD A,A
   32 D0AA 88898A8B     ADC A,B:ADC A,C:ADC A,D:ADC A,E
   33 D0AE 8C8D8E8F     ADC A,H:ADC A,L:ADC A,(HL):ADC A,A
   34 D0B2 909192939495 SUB B:SUB C:SUB D:SUB E:SUB H:SUB L:SUB (HL):SUB A
           9697        
   35 D0BA 98999A9B     SBC A,B:SBC A,C:SBC A,D:SBC A,E
   36 D0BE 9C9D9E9F     SBC A,H:SBC A,L:SBC A,(HL):SBC A,A
   37 D0C2 A0A1A2A3A4A5 AND B:AND C:AND D:AND E:AND H:AND L:AND (HL):AND A
           A6A7        
   38 D0CA A8A9AAABACAD XOR B:XOR C:XOR D:XOR E:XOR H:XOR L:XOR (HL):XOR A
           AEAF        
   39 D0D2 B0B1B2B3B4B5 OR B:OR C:OR D:OR E:OR H:OR L:OR (HL):OR A
           B6B7        
   40 D0DA B8B9BABBBCBD CP B:CP C:CP D:CP E:CP H:CP L:CP (HL):CP A
           BEBF        
   41 D0E2 C0C1C298FEC3 RET NZ:POP BC:JP NZ,NW1:JP NW1
           98FE        
   42 D0EA C498FEC5C6B5 CALL NZ,NW1:PUSH BC:ADD A,NB1:RST 0
           C7          
   43 D0F1 C8C9CA98FECC RET  Z:RET   :JP  Z,NW1:CALL Z,NW1:CALL NW1:ADC A,NB1:RST 1
           98FECD98FECE
           B5CF        
   44 D0FF D0D1D298FED3 RET NC:POP DE:JP NC,NW1:OUT (NB1),A
           B5          
   45 D106 D498FED5D6B5 CALL NC,NW1:PUSH DE:SUB NB1:RST 2
           D7          
   46 D10D D8D9DA98FEDB RET  C:EXX   :JP  C,NW1:IN A,(NB1):CALL  C,NW1:SBC A,NB1:RST 3
           B5DC98FEDEB5
           DF          
   47 D11A E0E1E298FEE3 RET PO:POP HL:JP PO,NW1:EX (SP),HL
   48 D120 E498FEE5E6B5 CALL PO,NW1:PUSH HL:AND NB1:RST 4
           E7          
   49 D127 E8E9EA98FEEB RET PE:JP (HL):JP PE,NW1:EX DE,HL  :CALL PE,NW1:XOR   NB1:RST 5
           EC98FEEEB5EF
   50 D133 F0F1F298FEF3 RET P :POP AF:JP P,NW1:DI:CALL P,NW1:PUSH AF:OR NB1:RST 6
           F498FEF5F6B5
           F7          
   51 D140 F8F9FA98FEFB RET M:LD SP,HL:JP M,NW1:EI:CALL M,NW1:CP NB1:RST 7
           FC98FEFEB5FF
   52 D14C CB00CB01CB02 RLC B:RLC C:RLC D:RLC E:RLC H:RLC L:RLC (HL):RLC A
           CB03CB04CB05
           CB06CB07    
   53 D15C CB08CB09CB0A RRC B:RRC C:RRC D:RRC E:RRC H:RRC L:RRC (HL):RRC A
           CB0BCB0CCB0D
           CB0ECB0F    
   54 D16C CB10CB11CB12 RL B:RL C:RL D:RL E:RL H:RL L:RL (HL):RL A
           CB13CB14CB15
           CB16CB17    
   55 D17C CB18CB19CB1A RR B:RR C:RR D:RR E:RR H:RR L:RR (HL):RR A
           CB1BCB1CCB1D
           CB1ECB1F    
   56 D18C CB20CB21CB22 SLA B:SLA C:SLA D:SLA E:SLA H:SLA L:SLA (HL):SLA A
           CB23CB24CB25
           CB26CB27    
   57 D19C CB28CB29CB2A SRA B:SRA C:SRA D:SRA E:SRA H:SRA L:SRA (HL):SRA A
           CB2BCB2CCB2D
           CB2ECB2F    
   58 D1AC CB30CB31CB32 SLI B:SLI C:SLI D:SLI E:SLI H:SLI L:SLI (HL):SLI A
           CB33CB34CB35
           CB36CB37    
   59 D1BC CB38CB39CB3A SRL B:SRL C:SRL D:SRL E:SRL H:SRL L:SRL (HL):SRL A
           CB3BCB3CCB3D
           CB3ECB3F    
   60 D1CC CB40CB41CB42 BIT 0,B:BIT 0,C:BIT 0,D:BIT 0,E:BIT 0,H:BIT 0,L:BIT 0,(HL):BIT 0,A
           CB43CB44CB45
           CB46CB47    
   61 D1DC CB48CB49CB4A BIT 1,B:BIT 1,C:BIT 1,D:BIT 1,E:BIT 1,H:BIT 1,L:BIT 1,(HL):BIT 1,A
           CB4BCB4CCB4D
           CB4ECB4F    
   62 D1EC CB50CB51CB52 BIT 2,B:BIT 2,C:BIT 2,D:BIT 2,E:BIT 2,H:BIT 2,L:BIT 2,(HL):BIT 2,A
           CB53CB54CB55
           CB56CB57    
   63 D1FC CB58CB59CB5A BIT 3,B:BIT 3,C:BIT 3,D:BIT 3,E:BIT 3,H:BIT 3,L:BIT 3,(HL):BIT 3,A
           CB5BCB5CCB5D
           CB5ECB5F    
   64 D20C CB60CB61CB62 BIT 4,B:BIT 4,C:BIT 4,D:BIT 4,E:BIT 4,H:BIT 4,L:BIT 4,(HL):BIT 4,A
           CB63CB64CB65
           CB66CB67    
   65 D21C CB68CB69CB6A BIT 5,B:BIT 5,C:BIT 5,D:BIT 5,E:BIT 5,H:BIT 5,L:BIT 5,(HL):BIT 5,A
           CB6BCB6CCB6D
           CB6ECB6F    
   66 D22C CB70CB71CB72 BIT 6,B:BIT 6,C:BIT 6,D:BIT 6,E:BIT 6,H:BIT 6,L:BIT 6,(HL):BIT 6,A
           CB73CB74CB75
           CB76CB77    
   67 D23C CB78CB79CB7A BIT 7,B:BIT 7,C:BIT 7,D:BIT 7,E:BIT 7,H:BIT 7,L:BIT 7,(HL):BIT 7,A
           CB7BCB7CCB7D
           CB7ECB7F    
   68 D24C CB80CB81CB82 RES 0,B:RES 0,C:RES 0,D:RES 0,E:RES 0,H:RES 0,L:RES 0,(HL):RES 0,A
           CB83CB84CB85
           CB86CB87    
   69 D25C CB88CB89CB8A RES 1,B:RES 1,C:RES 1,D:RES 1,E:RES 1,H:RES 1,L:RES 1,(HL):RES 1,A
           CB8BCB8CCB8D
           CB8ECB8F    
   70 D26C CB90CB91CB92 RES 2,B:RES 2,C:RES 2,D:RES 2,E:RES 2,H:RES 2,L:RES 2,(HL):RES 2,A
           CB93CB94CB95
           CB96CB97    
   71 D27C CB98CB99CB9A RES 3,B:RES 3,C:RES 3,D:RES 3,E:RES 3,H:RES 3,L:RES 3,(HL):RES 3,A
           CB9BCB9CCB9D
           CB9ECB9F    
   72 D28C CBA0CBA1CBA2 RES 4,B:RES 4,C:RES 4,D:RES 4,E:RES 4,H:RES 4,L:RES 4,(HL):RES 4,A
           CBA3CBA4CBA5
           CBA6CBA7    
   73 D29C CBA8CBA9CBAA RES 5,B:RES 5,C:RES 5,D:RES 5,E:RES 5,H:RES 5,L:RES 5,(HL):RES 5,A
           CBABCBACCBAD
           CBAECBAF    
   74 D2AC CBB0CBB1CBB2 RES 6,B:RES 6,C:RES 6,D:RES 6,E:RES 6,H:RES 6,L:RES 6,(HL):RES 6,A
           CBB3CBB4CBB5
           CBB6CBB7    
   75 D2BC CBB8CBB9CBBA RES 7,B:RES 7,C:RES 7,D:RES 7,E:RES 7,H:RES 7,L:RES 7,(HL):RES 7,A
           CBBBCBBCCBBD
           CBBECBBF    
   76 D2CC CBC0CBC1CBC2 SET 0,B:SET 0,C:SET 0,D:SET 0,E:SET 0,H:SET 0,L:SET 0,(HL):SET 0,A
           CBC3CBC4CBC5
           CBC6CBC7    
   77 D2DC CBC8CBC9CBCA SET 1,B:SET 1,C:SET 1,D:SET 1,E:SET 1,H:SET 1,L:SET 1,(HL):SET 1,A
           CBCBCBCCCBCD
           CBCECBCF    
   78 D2EC CBD0CBD1CBD2 SET 2,B:SET 2,C:SET 2,D:SET 2,E:SET 2,H:SET 2,L:SET 2,(HL):SET 2,A
           CBD3CBD4CBD5
           CBD6CBD7    
   79 D2FC CBD8CBD9CBDA SET 3,B:SET 3,C:SET 3,D:SET 3,E:SET 3,H:SET 3,L:SET 3,(HL):SET 3,A
           CBDBCBDCCBDD
           CBDECBDF    
   80 D30C CBE0CBE1CBE2 SET 4,B:SET 4,C:SET 4,D:SET 4,E:SET 4,H:SET 4,L:SET 4,(HL):SET 4,A
           CBE3CBE4CBE5
           CBE6CBE7    
   81 D31C CBE8CBE9CBEA SET 5,B:SET 5,C:SET 5,D:SET 5,E:SET 5,H:SET 5,L:SET 5,(HL):SET 5,A
           CBEBCBECCBED
           CBEECBEF    
   82 D32C CBF0CBF1CBF2 SET 6,B:SET 6,C:SET 6,D:SET 6,E:SET 6,H:SET 6,L:SET 6,(HL):SET 6,A
           CBF3CBF4CBF5
           CBF6CBF7    
   83 D33C CBF8CBF9CBFA SET 7,B:SET 7,C:SET 7,D:SET 7,E:SET 7,H:SET 7,L:SET 7,(HL):SET 7,A
           CBFBCBFCCBFD
           CBFECBFF    
   84 D34C DD09DD19DD21 ADD IX,BC:ADD IX,DE:LD IX,NW1:LD (NW1),IX
           98FEDD2298FE
   85 D358 DD23DD24DD24 INC IX:INC XH:INC IXH:DEC XH:DEC IXH:LD XH,NB1:LD IXH,NB1
           DD25DD25DD26
           B5DD26B5    
   86 D368 DD29DD2A98FE ADD IX,IX:LD IX,(NW1)
   87 D36E DD2BDD2CDD2C DEC IX:INC XL:INC IXL:DEC XL:DEC IXL:LD XL,NB1:LD IXL,NB1
           DD2DDD2DDD2E
           B5DD2EB5    
   88 D37E DD34A4DD35A4 INC (IX+NB2):DEC (IX+NB2):LD (IX+NB2),NB1:ADD IX,SP
           DD36A4B5DD39
   89 D38A DD46A4DD4EA4 LD B,(IX+NB2):LD C,(IX+NB2):LD D,(IX+NB2):LD E,(IX+NB2)
           DD56A4DD5EA4
   90 D396 DD60DD60DD61 LD XH,B:LD IXH,B:LD XH,C:LD IXH,C
           DD61        
   91 D39E DD62DD62DD63 LD XH,D:LD IXH,D:LD XH,E:LD IXH,E
           DD63        
   92 D3A6 DD64DD64DD65 LD XH,H:LD IXH,H:LD XH,L:LD IXH,L
           DD65        
   93 D3AE DD66A4DD67DD LD H,(IX+NB2):LD XH,A:LD IXH,A
           67          
   94 D3B5 DD68DD68DD69 LD XL,B:LD IXL,B:LD XL,C:LD IXL,C
           DD69        
   95 D3BD DD6ADD6ADD6B LD XL,D:LD IXL,D:LD XL,E:LD IXL,E
           DD6B        
   96 D3C5 DD6CDD6CDD6D LD XL,H:LD IXL,H:LD XL,L:LD IXL,L
           DD6D        
   97 D3CD DD6EA4DD6FDD LD L,(IX+NB2):LD XL,A:LD IXL,A
           6F          
   98 D3D4 DD70A4DD71A4 LD (IX+NB2),B:LD (IX+NB2),C:LD (IX+NB2),D:LD (IX+NB2),E
           DD72A4DD73A4
   99 D3E0 DD74A4DD75A4 LD (IX+NB2),H:LD (IX+NB2),L:LD (IX+NB2),A:LD A,(IX+NB2)
           DD77A4DD7EA4
  100 D3EC DD86A4DD8EA4 ADD A,(IX+NB2):ADC A,(IX+NB2):SUB XH:SUB IXH:SUB XL:SUB IXL
           DD94DD94DD95
           DD95        
  101 D3FA DD96A4DD9EA4 SUB (IX+NB2):SBC A,(IX+NB2)
  102 D400 DDA4DDA4DDA5 AND XH:AND IXH:AND XL:AND IXL:AND (IX+NB2)
           DDA5DDA6A4  
  103 D40B DDACDDACDDAD XOR XH:XOR IXH:XOR XL:XOR IXL:XOR (IX+NB2)
           DDADDDAEA4  
  104 D416 DDB4DDB4DDB5 OR XH:OR IXH:OR XL:OR IXL:OR (IX+NB2)
           DDB5DDB6A4  
  105 D421 DDBCDDBCDDBD CP XH:CP IXH:CP XL:CP IXL:CP (IX+NB2)
           DDBDDDBEA4  
  106 D42C DDCBA400DDCB LD B,RLC (IX+NB2):LD C,RLC (IX+NB2)
           A401        
  107 D434 DDCBA402DDCB LD D,RLC (IX+NB2):LD E,RLC (IX+NB2)
           A403        
  108 D43C DDCBA404DDCB LD H,RLC (IX+NB2):LD L,RLC (IX+NB2)
           A405        
  109 D444 DDCBA406DDCB      RLC (IX+NB2):LD A,RLC (IX+NB2)
           A407        
  110 D44C DDCBA408DDCB LD B,RRC (IX+NB2):LD C,RRC (IX+NB2)
           A409        
  111 D454 DDCBA40ADDCB LD D,RRC (IX+NB2):LD E,RRC (IX+NB2)
           A40B        
  112 D45C DDCBA40CDDCB LD H,RRC (IX+NB2):LD L,RRC (IX+NB2)
           A40D        
  113 D464 DDCBA40EDDCB      RRC (IX+NB2):LD A,RRC (IX+NB2)
           A40F        
  114 D46C DDCBA410DDCB LD B,RL  (IX+NB2):LD C,RL  (IX+NB2)
           A411        
  115 D474 DDCBA412DDCB LD D,RL  (IX+NB2):LD E,RL  (IX+NB2)
           A413        
  116 D47C DDCBA414DDCB LD H,RL  (IX+NB2):LD L,RL  (IX+NB2)
           A415        
  117 D484 DDCBA416DDCB      RL  (IX+NB2):LD A,RL  (IX+NB2)
           A417        
  118 D48C DDCBA418DDCB LD B,RR  (IX+NB2):LD C,RR  (IX+NB2)
           A419        
  119 D494 DDCBA41ADDCB LD D,RR  (IX+NB2):LD E,RR  (IX+NB2)
           A41B        
  120 D49C DDCBA41CDDCB LD H,RR  (IX+NB2):LD L,RR  (IX+NB2)
           A41D        
  121 D4A4 DDCBA41EDDCB      RR  (IX+NB2):LD A,RR  (IX+NB2)
           A41F        
  122 D4AC DDCBA420DDCB LD B,SLA (IX+NB2):LD C,SLA (IX+NB2)
           A421        
  123 D4B4 DDCBA422DDCB LD D,SLA (IX+NB2):LD E,SLA (IX+NB2)
           A423        
  124 D4BC DDCBA424DDCB LD H,SLA (IX+NB2):LD L,SLA (IX+NB2)
           A425        
  125 D4C4 DDCBA426DDCB      SLA (IX+NB2):LD A,SLA (IX+NB2)
           A427        
  126 D4CC DDCBA428DDCB LD B,SRA (IX+NB2):LD C,SRA (IX+NB2)
           A429        
  127 D4D4 DDCBA42ADDCB LD D,SRA (IX+NB2):LD E,SRA (IX+NB2)
           A42B        
  128 D4DC DDCBA42CDDCB LD H,SRA (IX+NB2):LD L,SRA (IX+NB2)
           A42D        
  129 D4E4 DDCBA42EDDCB      SRA (IX+NB2):LD A,SRA (IX+NB2)
           A42F        
  130 D4EC DDCBA430DDCB LD B,SLI (IX+NB2):LD C,SLI (IX+NB2)
           A431        
  131 D4F4 DDCBA432DDCB LD D,SLI (IX+NB2):LD E,SLI (IX+NB2)
           A433        
  132 D4FC DDCBA434DDCB LD H,SLI (IX+NB2):LD L,SLI (IX+NB2)
           A435        
  133 D504 DDCBA436DDCB      SLI (IX+NB2):LD A,SLI (IX+NB2)
           A437        
  134 D50C DDCBA438DDCB LD B,SRL (IX+NB2):LD C,SRL (IX+NB2)
           A439        
  135 D514 DDCBA43ADDCB LD D,SRL (IX+NB2):LD E,SRL (IX+NB2)
           A43B        
  136 D51C DDCBA43CDDCB LD H,SRL (IX+NB2):LD L,SRL (IX+NB2)
           A43D        
  137 D524 DDCBA43EDDCB      SRL (IX+NB2):LD A,SRL (IX+NB2)
           A43F        
  138 D52C DDCBA446DDCB BIT 0,(IX+NB2):BIT 1,(IX+NB2):BIT 2,(IX+NB2):BIT 3,(IX+NB2)
           A44EDDCBA456
           DDCBA45E    
  139 D53C DDCBA466DDCB BIT 4,(IX+NB2):BIT 5,(IX+NB2):BIT 6,(IX+NB2):BIT 7,(IX+NB2)
           A46EDDCBA476
           DDCBA47E    
  140 D54C DDCBA486DDCB RES 0,(IX+NB2):RES 1,(IX+NB2):RES 2,(IX+NB2):RES 3,(IX+NB2)
           A48EDDCBA496
           DDCBA49E    
  141 D55C DDCBA4A6DDCB RES 4,(IX+NB2):RES 5,(IX+NB2):RES 6,(IX+NB2):RES 7,(IX+NB2)
           A4AEDDCBA4B6
           DDCBA4BE    
  142 D56C DDCBA4C6DDCB SET 0,(IX+NB2):SET 1,(IX+NB2):SET 2,(IX+NB2):SET 3,(IX+NB2)
           A4CEDDCBA4D6
           DDCBA4DE    
  143 D57C DDCBA4E6DDCB SET 4,(IX+NB2):SET 5,(IX+NB2):SET 6,(IX+NB2):SET 7,(IX+NB2)
           A4EEDDCBA4F6
           DDCBA4FE    
  144 D58C DDE1DDE3DDE5 POP IX:EX (SP),IX:PUSH IX:JP (IX):LD SP,IX
           DDE9DDF9    
  145 D596 ED40ED41ED42 IN B,(C):OUT (C),B:SBC HL,BC:LD (NW1),BC:NEG:RETN:IM 0:LD I,A
           ED4398FEED44
           ED45ED46ED47
  146 D5A8 ED48ED49ED4A IN C,(C):OUT (C),C:ADC HL,BC:LD BC,(NW1)    :RETI     :LD R,A
           ED4B98FEED4D
           ED4F        
  147 D5B6 ED50ED51ED52 IN D,(C):OUT (C),D:SBC HL,DE:LD (NW1),DE         :IM 1:LD A,I
           ED5398FEED56
           ED57        
  148 D5C4 ED58ED59ED5A IN E,(C):OUT (C),E:ADC HL,DE:LD DE,(NW1)         :IM 2:LD A,R
           ED5B98FEED5E
           ED5F        
  149 D5D2 ED60ED61ED62 IN H,(C):OUT (C),H:SBC HL,HL:RRD
           ED67        
  150 D5DA ED68ED69ED6A IN L,(C):OUT (C),L:ADC HL,HL:RLD
           ED6F        
  151 D5E2 ED70ED71ED72 IN F,(C):OUT (C),0:SBC HL,SP
  152 D5E8 ED78ED79ED7A IN A,(C):OUT (C),A:ADC HL,SP:LD SP,(NW1)
           ED7B98FE    
  153 D5F2 EDA0EDA1EDA2 LDI: CPI: INI: OUTI:LDD:  CPD: IND: OUTD
           EDA3EDA8EDA9
           EDAAEDAB    
  154 D602 EDB0EDB1EDB2 LDIR:CPIR:INIR:OTIR:LDDR: CPDR:INDR:OTDR
           EDB3EDB8EDB9
           EDBAEDBB    
  155 D612 FD09FD19FD21 ADD IY,BC:ADD IY,DE:LD IY,NW1:LD (NW1),IY
           98FEFD2298FE
  156 D61E FD23FD24FD25 INC IY:INC IYH:DEC IYH:LD IYH,NB1:ADD IY,IY:LD IY,(NW1)
           FD26B5FD29FD
           2A98FE      
  157 D62D FD2BFD2CFD2D DEC IY:INC IYL:DEC IYL:LD IYL,NB1:INC (IY+NB2)
           FD2EB5FD34A4
  158 D639 FD35A4FD36A4 DEC (IY+NB2):LD (IY+NB2),NB1:ADD IY,SP
           B5FD39      
  159 D642 FD46A4FD4EA4 LD B,(IY+NB2):LD C,(IY+NB2):LD D,(IY+NB2):LD E,(IY+NB2)
           FD56A4FD5EA4
  160 D64E FD60FD61FD62 LD IYH,B:LD IYH,C:LD IYH,D:LD IYH,E:LD IYH,H:LD IYH,L
           FD63FD64FD65
  161 D65A FD66A4FD67   LD H,(IY+NB2):LD IYH,A
  162 D65F FD68FD69FD6A LD IYL,B:LD IYL,C:LD IYL,D:LD IYL,E:LD IYL,H:LD IYL,L
           FD6BFD6CFD6D
  163 D66B FD6EA4DD6F   LD L,(IY+NB2):LD IXL,A
  164 D670 FD70A4FD71A4 LD (IY+NB2),B:LD (IY+NB2),C:LD (IY+NB2),D:LD (IY+NB2),E
           FD72A4FD73A4
  165 D67C FD74A4FD75A4 LD (IY+NB2),H:LD (IY+NB2),L:LD (IY+NB2),A:LD A,(IY+NB2)
           FD77A4FD7EA4
  166 D688 FD86A4FD8EA4 ADD A,(IY+NB2):ADC A,(IY+NB2)
  167 D68E FD94FD95FD96 SUB IYH:SUB IYL:SUB (IY+NB2):SBC A,(IY+NB2)
           A4FD9EA4    
  168 D698 FDA4FDA5FDA6 AND IYH:AND IYL:AND (IY+NB2):XOR IYH:XOR IYL:XOR (IY+NB2)
           A4FDACFDADFD
           AEA4        
  169 D6A6 FDB4FDB5FDB6 OR IYH:OR IYL:OR (IY+NB2):CP IYH:CP IYL:CP (IY+NB2)
           A4FDBCFDBDFD
           BEA4        
  170 D6B4 FDCBA400FDCB LD B,RLC (IY+NB2):LD C,RLC (IY+NB2)
           A401        
  171 D6BC FDCBA402FDCB LD D,RLC (IY+NB2):LD E,RLC (IY+NB2)
           A403        
  172 D6C4 FDCBA404FDCB LD H,RLC (IY+NB2):LD L,RLC (IY+NB2)
           A405        
  173 D6CC FDCBA406FDCB      RLC (IY+NB2):LD A,RLC (IY+NB2)
           A407        
  174 D6D4 FDCBA408FDCB LD B,RRC (IY+NB2):LD C,RRC (IY+NB2)
           A409        
  175 D6DC FDCBA40AFDCB LD D,RRC (IY+NB2):LD E,RRC (IY+NB2)
           A40B        
  176 D6E4 FDCBA40CFDCB LD H,RRC (IY+NB2):LD L,RRC (IY+NB2)
           A40D        
  177 D6EC FDCBA40EFDCB      RRC (IY+NB2):LD A,RRC (IY+NB2)
           A40F        
  178 D6F4 FDCBA410FDCB LD B,RL  (IY+NB2):LD C,RL  (IY+NB2)
           A411        
  179 D6FC FDCBA412FDCB LD D,RL  (IY+NB2):LD E,RL  (IY+NB2)
           A413        
  180 D704 FDCBA414FDCB LD H,RL  (IY+NB2):LD L,RL  (IY+NB2)
           A415        
  181 D70C FDCBA416FDCB      RL  (IY+NB2):LD A,RL  (IY+NB2)
           A417        
  182 D714 FDCBA418FDCB LD B,RR  (IY+NB2):LD C,RR  (IY+NB2)
           A419        
  183 D71C FDCBA41AFDCB LD D,RR  (IY+NB2):LD E,RR  (IY+NB2)
           A41B        
  184 D724 FDCBA41CFDCB LD H,RR  (IY+NB2):LD L,RR  (IY+NB2)
           A41D        
  185 D72C FDCBA41EFDCB      RR  (IY+NB2):LD A,RR  (IY+NB2)
           A41F        
  186 D734 FDCBA420FDCB LD B,SLA (IY+NB2):LD C,SLA (IY+NB2)
           A421        
  187 D73C FDCBA422FDCB LD D,SLA (IY+NB2):LD E,SLA (IY+NB2)
           A423        
  188 D744 FDCBA424FDCB LD H,SLA (IY+NB2):LD L,SLA (IY+NB2)
           A425        
  189 D74C FDCBA426FDCB      SLA (IY+NB2):LD A,SLA (IY+NB2)
           A427        
  190 D754 FDCBA428FDCB LD B,SRA (IY+NB2):LD C,SRA (IY+NB2)
           A429        
  191 D75C FDCBA42AFDCB LD D,SRA (IY+NB2):LD E,SRA (IY+NB2)
           A42B        
  192 D764 FDCBA42CFDCB LD H,SRA (IY+NB2):LD L,SRA (IY+NB2)
           A42D        
  193 D76C FDCBA42EFDCB      SRA (IY+NB2):LD A,SRA (IY+NB2)
           A42F        
  194 D774 FDCBA430FDCB LD B,SLI (IY+NB2):LD C,SLI (IY+NB2)
           A431        
  195 D77C FDCBA432FDCB LD D,SLI (IY+NB2):LD E,SLI (IY+NB2)
           A433        
  196 D784 FDCBA434FDCB LD H,SLI (IY+NB2):LD L,SLI (IY+NB2)
           A435        
  197 D78C FDCBA436FDCB      SLI (IY+NB2):LD A,SLI (IY+NB2)
           A437        
  198 D794 FDCBA438FDCB LD B,SRL (IY+NB2):LD C,SRL (IY+NB2)
           A439        
  199 D79C FDCBA43AFDCB LD D,SRL (IY+NB2):LD E,SRL (IY+NB2)
           A43B        
  200 D7A4 FDCBA43CFDCB LD H,SRL (IY+NB2):LD L,SRL (IY+NB2)
           A43D        
  201 D7AC FDCBA43EFDCB      SRL (IY+NB2):LD A,SRL (IY+NB2)
           A43F        
  202 D7B4 FDCBA446FDCB BIT 0,(IY+NB2):BIT 1,(IY+NB2):BIT 2,(IY+NB2):BIT 3,(IY+NB2)
           A44EFDCBA456
           FDCBA45E    
  203 D7C4 FDCBA466FDCB BIT 4,(IY+NB2):BIT 5,(IY+NB2):BIT 6,(IY+NB2):BIT 7,(IY+NB2)
           A46EFDCBA476
           FDCBA47E    
  204 D7D4 FDCBA486FDCB RES 0,(IY+NB2):RES 1,(IY+NB2):RES 2,(IY+NB2):RES 3,(IY+NB2)
           A48EFDCBA496
           FDCBA49E    
  205 D7E4 FDCBA4A6FDCB RES 4,(IY+NB2):RES 5,(IY+NB2):RES 6,(IY+NB2):RES 7,(IY+NB2)
           A4AEFDCBA4B6
           FDCBA4BE    
  206 D7F4 FDCBA4C6FDCB SET 0,(IY+NB2):SET 1,(IY+NB2):SET 2,(IY+NB2):SET 3,(IY+NB2)
           A4CEFDCBA4D6
           FDCBA4DE    
  207 D804 FDCBA4E6FDCB SET 4,(IY+NB2):SET 5,(IY+NB2):SET 6,(IY+NB2):SET 7,(IY+NB2)
           A4EEFDCBA4F6
           FDCBA4FE    
  208 D814 FDE1FDE3FDE5 POP  IY:EX (SP),IY:PUSH IY:JP (IY):LD SP,IY
           FDE9FDF9    
  209 D81E 010203040506 DB 1,2,3,4,5:DW 6,7,8,9,10
           000700080009
           000A00      
